2025-04-15 04:20:23.806583 - Received CBT.V508.FILE657.PDS from FILE657.XMI 
2025-04-15 04:20:23.808074 - Found $$$#DATE.txt (text/plain) in CBT.V508.FILE657.PDS, moved to PDS/$$$#DATE
2025-04-15 04:20:23.808456 - Found $$NOTE1.txt (text/plain) in CBT.V508.FILE657.PDS, moved to PDS/$$NOTE1
2025-04-15 04:20:23.808761 - Found $$PLAN.txt (text/plain) in CBT.V508.FILE657.PDS, moved to PDS/$$PLAN
2025-04-15 04:20:23.808932 - Found $NOTES.txt (text/plain) in CBT.V508.FILE657.PDS, moved to PDS/$NOTES
2025-04-15 04:20:23.809111 - Found $USAGE.txt (text/plain) in CBT.V508.FILE657.PDS, moved to PDS/$USAGE
2025-04-15 04:20:23.809369 - Found @FILE657.txt (text/plain) in CBT.V508.FILE657.PDS, moved to PDS/@FILE657
2025-04-15 04:20:23.809633 - Found RESCUE01.jcl (text/plain) in CBT.V508.FILE657.PDS, moved to PDS/RESCUE01
2025-04-15 04:20:23.809879 - Found RESCUE02.jcl (text/plain) in CBT.V508.FILE657.PDS, moved to PDS/RESCUE02
2025-04-15 04:20:23.810049 - Found RESCUE03.jcl (text/plain) in CBT.V508.FILE657.PDS, moved to PDS/RESCUE03
2025-04-15 04:20:23.810244 - Found RESCUE04.jcl (text/plain) in CBT.V508.FILE657.PDS, moved to PDS/RESCUE04
2025-04-15 04:20:23.810425 - Found RESCUE05.jcl (text/plain) in CBT.V508.FILE657.PDS, moved to PDS/RESCUE05
2025-04-15 04:20:23.810609 - Found RESCUE06.jcl (text/plain) in CBT.V508.FILE657.PDS, moved to PDS/RESCUE06
2025-04-15 04:20:23.810860 - Found RESCUE07.jcl (text/plain) in CBT.V508.FILE657.PDS, moved to PDS/RESCUE07
2025-04-15 04:20:23.811035 - Found RESCUE08.jcl (text/plain) in CBT.V508.FILE657.PDS, moved to PDS/RESCUE08
2025-04-15 04:20:23.811277 - Found RESCUE09.jcl (text/plain) in CBT.V508.FILE657.PDS, moved to PDS/RESCUE09
2025-04-15 04:20:23.811495 - Found RESCUE10.jcl (text/plain) in CBT.V508.FILE657.PDS, moved to PDS/RESCUE10
2025-04-15 04:20:23.811679 - Found RESCUE11.jcl (text/plain) in CBT.V508.FILE657.PDS, moved to PDS/RESCUE11
2025-04-15 04:20:23.811831 - Found RESCUE12.jcl (text/plain) in CBT.V508.FILE657.PDS, moved to PDS/RESCUE12
2025-04-15 04:20:23.812034 - Found RESCUE13.jcl (text/plain) in CBT.V508.FILE657.PDS, moved to PDS/RESCUE13
2025-04-15 04:20:23.812196 - Found RESCUE14.jcl (text/plain) in CBT.V508.FILE657.PDS, moved to PDS/RESCUE14
